<?xml version="1.0"?>
<root>
  <user>0</user>
  <user>1</user>
  <user>0</user>
</root>
